2021-01-26 13:21:18 [main] INFO  com.test.springboot.ClientApplication - Starting ClientApplication on DESKTOP-9FDRATT with PID 12436 (D:\workspace\springboot_first\target\classes started by Quantdo in D:\workspace\springboot_first)
2021-01-26 13:21:18 [main] INFO  com.test.springboot.ClientApplication - No active profile set, falling back to default profiles: default
2021-01-26 13:21:18 [main] INFO  o.s.b.c.e.AnnotationConfigEmbeddedWebApplicationContext - Refreshing org.springframework.boot.context.embedded.AnnotationConfigEmbeddedWebApplicationContext@1ee807c6: startup date [Tue Jan 26 13:21:18 CST 2021]; root of context hierarchy
2021-01-26 13:21:20 [main] INFO  o.s.b.c.e.tomcat.TomcatEmbeddedServletContainer - Tomcat initialized with port(s): 8081 (http)
2021-01-26 13:21:20 [main] INFO  org.apache.catalina.core.StandardService - Starting service Tomcat
2021-01-26 13:21:20 [main] INFO  org.apache.catalina.core.StandardEngine - Starting Servlet Engine: Apache Tomcat/8.5.11
2021-01-26 13:21:20 [localhost-startStop-1] INFO  o.a.c.core.ContainerBase.[Tomcat].[localhost].[/] - Initializing Spring embedded WebApplicationContext
2021-01-26 13:21:20 [localhost-startStop-1] INFO  org.springframework.web.context.ContextLoader - Root WebApplicationContext: initialization completed in 1677 ms
2021-01-26 13:21:20 [localhost-startStop-1] INFO  o.s.boot.web.servlet.ServletRegistrationBean - Mapping servlet: 'dispatcherServlet' to [/]
2021-01-26 13:21:20 [localhost-startStop-1] INFO  o.s.boot.web.servlet.FilterRegistrationBean - Mapping filter: 'characterEncodingFilter' to: [/*]
2021-01-26 13:21:20 [localhost-startStop-1] INFO  o.s.boot.web.servlet.FilterRegistrationBean - Mapping filter: 'hiddenHttpMethodFilter' to: [/*]
2021-01-26 13:21:20 [localhost-startStop-1] INFO  o.s.boot.web.servlet.FilterRegistrationBean - Mapping filter: 'httpPutFormContentFilter' to: [/*]
2021-01-26 13:21:20 [localhost-startStop-1] INFO  o.s.boot.web.servlet.FilterRegistrationBean - Mapping filter: 'requestContextFilter' to: [/*]
2021-01-26 13:21:20 [main] INFO  o.s.w.s.m.m.a.RequestMappingHandlerAdapter - Looking for @ControllerAdvice: org.springframework.boot.context.embedded.AnnotationConfigEmbeddedWebApplicationContext@1ee807c6: startup date [Tue Jan 26 13:21:18 CST 2021]; root of context hierarchy
2021-01-26 13:21:20 [main] INFO  o.s.w.s.m.m.a.RequestMappingHandlerMapping - Mapped "{[/test]}" onto public java.lang.String com.test.springboot.Controller.TestController.test()
2021-01-26 13:21:21 [main] INFO  o.s.w.s.m.m.a.RequestMappingHandlerMapping - Mapped "{[/error]}" onto public org.springframework.http.ResponseEntity<java.util.Map<java.lang.String, java.lang.Object>> org.springframework.boot.autoconfigure.web.BasicErrorController.error(javax.servlet.http.HttpServletRequest)
2021-01-26 13:21:21 [main] INFO  o.s.w.s.m.m.a.RequestMappingHandlerMapping - Mapped "{[/error],produces=[text/html]}" onto public org.springframework.web.servlet.ModelAndView org.springframework.boot.autoconfigure.web.BasicErrorController.errorHtml(javax.servlet.http.HttpServletRequest,javax.servlet.http.HttpServletResponse)
2021-01-26 13:21:21 [main] INFO  o.s.web.servlet.handler.SimpleUrlHandlerMapping - Mapped URL path [/webjars/**] onto handler of type [class org.springframework.web.servlet.resource.ResourceHttpRequestHandler]
2021-01-26 13:21:21 [main] INFO  o.s.web.servlet.handler.SimpleUrlHandlerMapping - Mapped URL path [/**] onto handler of type [class org.springframework.web.servlet.resource.ResourceHttpRequestHandler]
2021-01-26 13:21:21 [main] INFO  o.s.web.servlet.handler.SimpleUrlHandlerMapping - Mapped URL path [/**/favicon.ico] onto handler of type [class org.springframework.web.servlet.resource.ResourceHttpRequestHandler]
2021-01-26 13:21:21 [main] INFO  o.s.jmx.export.annotation.AnnotationMBeanExporter - Registering beans for JMX exposure on startup
2021-01-26 13:21:21 [main] INFO  o.s.b.c.e.tomcat.TomcatEmbeddedServletContainer - Tomcat started on port(s): 8081 (http)
2021-01-26 13:21:21 [main] INFO  com.test.springboot.ClientApplication - Started ClientApplication in 2.884 seconds (JVM running for 3.275)
2021-01-26 14:36:10 [main] INFO  com.test.springboot.ClientApplication - Starting ClientApplication on DESKTOP-9FDRATT with PID 15004 (D:\workspace\springboot_first\target\classes started by Quantdo in D:\workspace\springboot_first)
2021-01-26 14:36:10 [main] INFO  com.test.springboot.ClientApplication - No active profile set, falling back to default profiles: default
2021-01-26 14:36:12 [main] INFO  o.s.boot.web.embedded.tomcat.TomcatWebServer - Tomcat initialized with port(s): 8081 (http)
2021-01-26 14:36:12 [main] INFO  org.apache.catalina.core.StandardService - Starting service [Tomcat]
2021-01-26 14:36:12 [main] INFO  org.apache.catalina.core.StandardEngine - Starting Servlet engine: [Apache Tomcat/9.0.37]
2021-01-26 14:36:12 [main] INFO  o.a.c.core.ContainerBase.[Tomcat].[localhost].[/] - Initializing Spring embedded WebApplicationContext
2021-01-26 14:36:12 [main] INFO  o.s.b.w.s.c.ServletWebServerApplicationContext - Root WebApplicationContext: initialization completed in 1557 ms
2021-01-26 14:36:12 [main] INFO  o.s.scheduling.concurrent.ThreadPoolTaskExecutor - Initializing ExecutorService 'applicationTaskExecutor'
2021-01-26 14:36:12 [main] INFO  o.s.boot.web.embedded.tomcat.TomcatWebServer - Tomcat started on port(s): 8081 (http) with context path ''
2021-01-26 14:36:12 [main] INFO  com.test.springboot.ClientApplication - Started ClientApplication in 2.809 seconds (JVM running for 3.434)
2021-01-26 14:36:35 [http-nio-8081-exec-1] INFO  o.a.c.core.ContainerBase.[Tomcat].[localhost].[/] - Initializing Spring DispatcherServlet 'dispatcherServlet'
2021-01-26 14:36:35 [http-nio-8081-exec-1] INFO  org.springframework.web.servlet.DispatcherServlet - Initializing Servlet 'dispatcherServlet'
2021-01-26 14:36:35 [http-nio-8081-exec-1] INFO  org.springframework.web.servlet.DispatcherServlet - Completed initialization in 10 ms
